15:19:43 **** Incremental Build of configuration Debug for project CMSISv1p30_LPC13xx ****
make all 
make: Nothing to be done for `all'.
15:19:44 **** Incremental Build of configuration Debug for project Mark1_DragDrop_Config ****
make all 
Building file: ../src/i2cslave.c
Invoking: MCU C Compiler
arm-none-eabi-gcc -D__USE_CMSIS=CMSISv1p30_LPC13xx -DDEBUG -D__CODE_RED -D__REDLIB__ -I"D:\Dropbox\Prj\Valent\LOGI-FAMILY\SRC\Mark1\MCU\Mark1_DragDrop_Config\Mark1_DragDrop_Config\src\chan fat fs" -I"D:\Dropbox\Prj\Valent\LOGI-FAMILY\SRC\Mark1\MCU\Mark1_DragDrop_Config\Mark1_DragDrop_Config\src\chan fat fs\option" -I"D:\Dropbox\Prj\Valent\LOGI-FAMILY\SRC\Mark1\MCU\Mark1_DragDrop_Config\Mark1_DragDrop_Config\src" -I"D:\Dropbox\Prj\Valent\LOGI-FAMILY\SRC\Mark1\MCU\Mark1_DragDrop_Config\Mark1_DragDrop_Config\inc" -I"D:\Dropbox\Prj\Valent\LOGI-FAMILY\SRC\Mark1\MCU\Mark1_DragDrop_Config\CMSISv1p30_LPC13xx\inc" -O0 -g3 -Wall -c -fmessage-length=0 -fno-builtin -ffunction-sections -mcpu=cortex-m3 -mthumb -MMD -MP -MF"src/i2cslave.d" -MT"src/i2cslave.d" -o "src/i2cslave.o" "../src/i2cslave.c"
In file included from D:\Dropbox\Prj\Valent\LOGI-FAMILY\SRC\Mark1\MCU\Mark1_DragDrop_Config\Mark1_DragDrop_Config\inc/System.h:18:0,
Finished building: ../src/i2cslave.c
                 from ../src/i2cslave.c:21:
 
D:\Dropbox\Prj\Valent\LOGI-FAMILY\SRC\Mark1\MCU\Mark1_DragDrop_Config\Mark1_DragDrop_Config\src/i2c_mark1.h:13:0: warning: "CMD_BB_CONFIG" redefined [enabled by default]
D:\Dropbox\Prj\Valent\LOGI-FAMILY\SRC\Mark1\MCU\Mark1_DragDrop_Config\Mark1_DragDrop_Config\src/i2c_mark1.h:12:0: note: this is the location of the previous definition
../src/i2cslave.c: In function 'I2C_process_task':
../src/i2cslave.c:76:10: warning: unused variable 'cmd' [-Wunused-variable]
../src/i2cslave.c: At top level:
../src/i2cslave.c:133:1: warning: "/*" within comment [-Wcomment]
Building target: Mark1_DragDrop_Config.axf
Invoking: MCU Linker
arm-none-eabi-gcc -nostdlib -L"D:\Dropbox\Prj\Valent\LOGI-FAMILY\SRC\Mark1\MCU\Mark1_DragDrop_Config\CMSISv1p30_LPC13xx\Debug" -Xlinker --gc-sections -Xlinker -Map=Mark1_DragDrop_Config.map -mcpu=cortex-m3 -mthumb -T ../ld/usb_buffer.ld -o "Mark1_DragDrop_Config.axf"  ./src/chan\ fat\ fs/option/ccsbcs.o  ./src/chan\ fat\ fs/diskio.o ./src/chan\ fat\ fs/ff.o  ./src/BoardSupport.o ./src/ButtonDetect.o ./src/FLASH.o ./src/FPGA_Config.o ./src/System.o ./src/Timers.o ./src/cr_startup_lpc13.o ./src/i2c_mark1.o ./src/i2cslave.o ./src/main.o ./src/msccallback.o ./src/usbdesc.o   -lCMSISv1p30_LPC13xx
Finished building target: Mark1_DragDrop_Config.axf
 
make --no-print-directory post-build
Performing post-build steps
arm-none-eabi-size Mark1_DragDrop_Config.axf; arm-none-eabi-objcopy -O binary Mark1_DragDrop_Config.axf Mark1_DragDrop_Config.bin; checksum Mark1_DragDrop_Config.bin;
   text	   data	    bss	    dec	    hex	filename
  21948	      8	   2008	  23964	   5d9c	Mark1_DragDrop_Config.axf
 
15:21:56 **** Incremental Build of configuration Debug for project Mark1_DragDrop_Config ****
make all 
make: Nothing to be done for `all'.
